Copyright 1986-2022 Xilinx, Inc. All Rights Reserved. Copyright 2022-2024 Advanced Micro Devices, Inc. All Rights Reserved.
--------------------------------------------------------------------------------------------------------------------------------------------------
| Tool Version      : Vivado v.2024.2 (lin64) Build 5239630 Fri Nov 08 22:34:34 MST 2024
| Date              : Mon Jan 20 21:15:16 2025
| Host              : dell running 64-bit Ubuntu 20.04.6 LTS
| Command           : report_clock_utilization -file design_1_wrapper_clock_utilization_routed.rpt
| Design            : design_1_wrapper
| Device            : xczu19eg-ffvc1760
| Speed File        : -2  PRODUCTION 1.30 05-15-2022
| Temperature Grade : I
| Design State      : Routed
--------------------------------------------------------------------------------------------------------------------------------------------------

Clock Utilization Report

Table of Contents
-----------------
1. Clock Primitive Utilization
2. Global Clock Resources
3. Global Clock Source Details
4. Clock Regions : Clock Primitives
5. Clock Regions : Load Primitives
6. Clock Regions : Global Clock Summary
7. Clock Regions : Routing Resource Utilization
8. Device Cell Placement Summary for Global Clock g0
9. Device Cell Placement Summary for Global Clock g1
10. Device Cell Placement Summary for Global Clock g2
11. Device Cell Placement Summary for Global Clock g3
12. Device Cell Placement Summary for Global Clock g4
13. Device Cell Placement Summary for Global Clock g5
14. Device Cell Placement Summary for Global Clock g6
15. Clock Region Cell Placement per Global Clock: Region X1Y1
16. Clock Region Cell Placement per Global Clock: Region X2Y1
17. Clock Region Cell Placement per Global Clock: Region X3Y1
18. Clock Region Cell Placement per Global Clock: Region X1Y2
19. Clock Region Cell Placement per Global Clock: Region X0Y3
20. Clock Region Cell Placement per Global Clock: Region X1Y3
21. Clock Region Cell Placement per Global Clock: Region X2Y3
22. Clock Region Cell Placement per Global Clock: Region X3Y3
23. Clock Region Cell Placement per Global Clock: Region X1Y4
24. Clock Region Cell Placement per Global Clock: Region X2Y4
25. Clock Region Cell Placement per Global Clock: Region X3Y4
26. Clock Region Cell Placement per Global Clock: Region X1Y5
27. Clock Region Cell Placement per Global Clock: Region X2Y5
28. Clock Region Cell Placement per Global Clock: Region X3Y5
29. Clock Region Cell Placement per Global Clock: Region X2Y6
30. Clock Region Cell Placement per Global Clock: Region X2Y7
31. Clock Region Cell Placement per Global Clock: Region X1Y9
32. Clock Region Cell Placement per Global Clock: Region X2Y9

1. Clock Primitive Utilization
------------------------------

+------------+------+-----------+-----+--------------+--------+
| Type       | Used | Available | LOC | Clock Region | Pblock |
+------------+------+-----------+-----+--------------+--------+
| BUFGCE     |    6 |       280 |   0 |            0 |      0 |
| BUFGCE_DIV |    0 |        44 |   0 |            0 |      0 |
| BUFGCTRL   |    0 |        88 |   0 |            0 |      0 |
| BUFG_GT    |    0 |       456 |   0 |            0 |      0 |
| BUFG_PS    |    1 |        72 |   0 |            0 |      0 |
| MMCM       |    1 |        11 |   1 |            0 |      0 |
| PLL        |    3 |        22 |   0 |            0 |      3 |
+------------+------+-----------+-----+--------------+--------+


2. Global Clock Resources
-------------------------

+-----------+-----------+-----------------+------------+---------------+--------------+------+-------------------+------------------+-------------------+-------------+-----------------+--------------+-----------------------------------------------------------------------------------------------------+------------------------------------------------------------------------------+--------------------------------------------------------------+
| Global Id | Source Id | Driver Type/Pin | Constraint | Site          | Clock Region | Root | Clock Delay Group | Clock Low Fanout | Load Clock Region | Clock Loads | Non-Clock Loads | Clock Period | Clock                                                                                               | Driver Pin                                                                   | Net                                                          |
+-----------+-----------+-----------------+------------+---------------+--------------+------+-------------------+------------------+-------------------+-------------+-----------------+--------------+-----------------------------------------------------------------------------------------------------+------------------------------------------------------------------------------+--------------------------------------------------------------+
| g0        | src0      | BUFGCE/O        | None       | BUFGCE_X0Y155 | X2Y6         | X2Y4 |                   |                  |                10 |       28054 |               3 |              |                                                                                                     | design_1_i/ddr4_0/inst/u_ddr4_infrastructure/u_bufg_divClk/O                 | design_1_i/ddr4_0/inst/u_ddr4_infrastructure/u_bufg_divClk_0 |
| g1        | src1      | BUFG_PS/O       | None       | BUFG_PS_X0Y58 | X1Y2         | X1Y5 |                   |                  |                13 |       26752 |               0 |       10.312 | clk_pl_0                                                                                            | design_1_i/zynq_ultra_ps_e_0/inst/buffer_pl_clk_0.PL_CLK_0_BUFG/O            | design_1_i/zynq_ultra_ps_e_0/inst/pl_clk0                    |
| g2        | src2      | BUFGCE/O        | None       | BUFGCE_X0Y166 | X2Y6         | X2Y4 |                   |                  |                 7 |        8308 |               0 |              |                                                                                                     | design_1_i/ddr4_0/inst/u_ddr4_infrastructure/u_bufg_dbg_clk/O                | design_1_i/ddr4_0/inst/u_ddr4_infrastructure/dbg_clk         |
| g3        | src3      | BUFGCE/O        | None       | BUFGCE_X0Y144 | X2Y6         | X2Y4 |                   |                  |                 3 |        1606 |               0 |              |                                                                                                     | design_1_i/ddr4_0/inst/u_ddr4_infrastructure/u_bufg_riuClk/O                 | design_1_i/ddr4_0/inst/u_ddr4_infrastructure/c0_riu_clk      |
| g4        | src4      | BUFGCE/O        | None       | BUFGCE_X0Y20  | X2Y0         | X3Y2 |                   |                  |                 2 |         469 |               0 |       50.000 | dbg_hub/inst/BSCANID.u_xsdbm_id/SWITCH_N_EXT_BSCAN.bscan_inst/SERIES7_BSCAN.bscan_inst/INTERNAL_TCK | dbg_hub/inst/BSCANID.u_xsdbm_id/SWITCH_N_EXT_BSCAN.u_bufg_icon_tck/O         | dbg_hub/inst/BSCANID.u_xsdbm_id/itck_i                       |
| g5        | src5      | BUFGCE/O        | None       | BUFGCE_X0Y145 | X2Y6         | X2Y6 |                   |                  |                 2 |          17 |               1 |              |                                                                                                     | design_1_i/util_ds_buf_1/U0/USE_BUFG.GEN_BUFG[0].BUFG_U/O                    | design_1_i/util_ds_buf_1/U0/BUFG_O[0]                        |
| g6        | src6      | BUFGCE/O        | None       | BUFGCE_X0Y98  | X2Y4         | X2Y4 | n/a               |                  |                 5 |           0 |            3443 |          n/a | n/a                                                                                                 | design_1_i/rst_ps8_0_96M/U0/ACTIVE_LOW_PR_OUT_DFF[0].FDRE_PER_N_bufg_place/O | design_1_i/rst_ps8_0_96M/U0/peripheral_aresetn[0]            |
+-----------+-----------+-----------------+------------+---------------+--------------+------+-------------------+------------------+-------------------+-------------+-----------------+--------------+-----------------------------------------------------------------------------------------------------+------------------------------------------------------------------------------+--------------------------------------------------------------+
* Clock Loads column represents cell count of net connects that connect to a clock pin. Internal cell leaf pins are not considered
** Non-Clock Loads column represents cell count of non-clock pin loads


3. Global Clock Source Details
------------------------------

+-----------+-----------+--------------------+------------+------------------+--------------+-------------+-----------------+---------------------+-----------------------------------------------------------------------------------------------------+--------------------------------------------------------------------------------------------+-------------------------------------------------------------------+
| Source Id | Global Id | Driver Type/Pin    | Constraint | Site             | Clock Region | Clock Loads | Non-Clock Loads | Source Clock Period | Source Clock                                                                                        | Driver Pin                                                                                 | Net                                                               |
+-----------+-----------+--------------------+------------+------------------+--------------+-------------+-----------------+---------------------+-----------------------------------------------------------------------------------------------------+--------------------------------------------------------------------------------------------+-------------------------------------------------------------------+
| src0      | g0        | MMCME4_ADV/CLKOUT0 | MMCM_X0Y6  | MMCM_X0Y6        | X2Y6         |           1 |               0 |                     |                                                                                                     | design_1_i/ddr4_0/inst/u_ddr4_infrastructure/gen_mmcme4.u_mmcme_adv_inst/CLKOUT0           | design_1_i/ddr4_0/inst/u_ddr4_infrastructure/mmcm_clkout0         |
| src1      | g1        | PS8/PLCLK[0]       | None       | PS8_X0Y0         | X0Y0         |           1 |               0 |              10.312 | clk_pl_0                                                                                            | design_1_i/zynq_ultra_ps_e_0/inst/PS8_i/PLCLK[0]                                           | design_1_i/zynq_ultra_ps_e_0/inst/pl_clk_unbuffered[0]            |
| src2      | g2        | MMCME4_ADV/CLKOUT5 | MMCM_X0Y6  | MMCM_X0Y6        | X2Y6         |           1 |               0 |                     |                                                                                                     | design_1_i/ddr4_0/inst/u_ddr4_infrastructure/gen_mmcme4.u_mmcme_adv_inst/CLKOUT5           | design_1_i/ddr4_0/inst/u_ddr4_infrastructure/mmcm_clkout5         |
| src3      | g3        | MMCME4_ADV/CLKOUT6 | MMCM_X0Y6  | MMCM_X0Y6        | X2Y6         |           1 |               0 |                     |                                                                                                     | design_1_i/ddr4_0/inst/u_ddr4_infrastructure/gen_mmcme4.u_mmcme_adv_inst/CLKOUT6           | design_1_i/ddr4_0/inst/u_ddr4_infrastructure/mmcm_clkout6         |
| src4      | g4        | BSCANE2/TCK        | None       | CONFIG_SITE_X0Y0 | X3Y1         |           1 |               0 |              50.000 | dbg_hub/inst/BSCANID.u_xsdbm_id/SWITCH_N_EXT_BSCAN.bscan_inst/SERIES7_BSCAN.bscan_inst/INTERNAL_TCK | dbg_hub/inst/BSCANID.u_xsdbm_id/SWITCH_N_EXT_BSCAN.bscan_inst/SERIES7_BSCAN.bscan_inst/TCK | dbg_hub/inst/BSCANID.u_xsdbm_id/SWITCH_N_EXT_BSCAN.bscan_inst/TCK |
| src5      | g5        | IBUFCTRL/O         | IOB_X0Y335 | IOB_X0Y335       | X2Y6         |           1 |               0 |                     |                                                                                                     | design_1_i/util_ds_buf_0/U0/USE_IBUFDS.GEN_IBUFDS[0].IBUFDS_I/IBUFCTRL_INST/O              | design_1_i/util_ds_buf_0/U0/USE_IBUFDS.GEN_IBUFDS[0].IBUFDS_I/O   |
| src6      | g6        | FDRE/Q             | None       | SLICE_X85Y218    | X3Y3         |           1 |               0 |                     |                                                                                                     | design_1_i/rst_ps8_0_96M/U0/ACTIVE_LOW_PR_OUT_DFF[0].FDRE_PER_N/Q                          | design_1_i/rst_ps8_0_96M/U0/peripheral_aresetn[0]_bufg_place      |
+-----------+-----------+--------------------+------------+------------------+--------------+-------------+-----------------+---------------------+-----------------------------------------------------------------------------------------------------+--------------------------------------------------------------------------------------------+-------------------------------------------------------------------+
* Clock Loads column represents cell count of net connects that connect to a clock pin. Internal cell leaf pins are not considered
** Non-Clock Loads column represents cell count of non-clock pin loads


4. Clock Regions : Clock Primitives
-----------------------------------

+-------------------+---------------+---------------+---------------+---------------+---------------+---------------+---------------+---------------+
|                   |  Global Clock |     BUFGCE    |   BUFGCE_DIV  |    BUFGCTRL   |    BUFG_GT    |    BUFG_PS    |      MMCM     |      PLL      |
+-------------------+-------+-------+-------+-------+-------+-------+-------+-------+-------+-------+-------+-------+-------+-------+-------+-------+
| Clock Region Name | Used  | Avail | Used  | Avail | Used  | Avail | Used  | Avail | Used  | Avail | Used  | Avail | Used  | Avail | Used  | Avail |
+-------------------+-------+-------+-------+-------+-------+-------+-------+-------+-------+-------+-------+-------+-------+-------+-------+-------+
| X0Y0              |     0 |     0 |     0 |     0 |     0 |     0 |     0 |     0 |     0 |     0 |     0 |     0 |     0 |     0 |     0 |     0 |
| X1Y0              |     0 |    24 |     0 |     0 |     0 |     0 |     0 |     0 |     0 |     0 |     0 |    24 |     0 |     0 |     0 |     0 |
| X2Y0              |     0 |    24 |     1 |    24 |     0 |     4 |     0 |     8 |     0 |     0 |     0 |     0 |     0 |     1 |     0 |     2 |
| X3Y0              |     0 |    24 |     0 |     0 |     0 |     0 |     0 |     0 |     0 |    24 |     0 |     0 |     0 |     0 |     0 |     0 |
| X0Y1              |     0 |     0 |     0 |     0 |     0 |     0 |     0 |     0 |     0 |     0 |     0 |     0 |     0 |     0 |     0 |     0 |
| X1Y1              |     1 |    24 |     0 |     0 |     0 |     0 |     0 |     0 |     0 |     0 |     0 |    24 |     0 |     0 |     0 |     0 |
| X2Y1              |     1 |    24 |     0 |    24 |     0 |     4 |     0 |     8 |     0 |     0 |     0 |     0 |     0 |     1 |     0 |     2 |
| X3Y1              |     1 |    24 |     0 |     0 |     0 |     0 |     0 |     0 |     0 |    24 |     0 |     0 |     0 |     0 |     0 |     0 |
| X0Y2              |     0 |     0 |     0 |     0 |     0 |     0 |     0 |     0 |     0 |     0 |     0 |     0 |     0 |     0 |     0 |     0 |
| X1Y2              |     1 |    24 |     0 |     0 |     0 |     0 |     0 |     0 |     0 |     0 |     1 |    24 |     0 |     0 |     0 |     0 |
| X2Y2              |     0 |    24 |     0 |    24 |     0 |     4 |     0 |     8 |     0 |     0 |     0 |     0 |     0 |     1 |     0 |     2 |
| X3Y2              |     0 |    24 |     0 |     0 |     0 |     0 |     0 |     0 |     0 |    24 |     0 |     0 |     0 |     0 |     0 |     0 |
| X0Y3              |     1 |    24 |     0 |     0 |     0 |     0 |     0 |     0 |     0 |    24 |     0 |     0 |     0 |     0 |     0 |     0 |
| X1Y3              |     2 |    24 |     0 |     0 |     0 |     0 |     0 |     0 |     0 |     0 |     0 |     0 |     0 |     0 |     0 |     0 |
| X2Y3              |     4 |    24 |     0 |    24 |     0 |     4 |     0 |     8 |     0 |     0 |     0 |     0 |     0 |     1 |     0 |     2 |
| X3Y3              |     4 |    24 |     0 |     0 |     0 |     0 |     0 |     0 |     0 |    24 |     0 |     0 |     0 |     0 |     0 |     0 |
| X0Y4              |     0 |    24 |     0 |     0 |     0 |     0 |     0 |     0 |     0 |    24 |     0 |     0 |     0 |     0 |     0 |     0 |
| X1Y4              |     3 |    24 |     0 |     0 |     0 |     0 |     0 |     0 |     0 |     0 |     0 |     0 |     0 |     0 |     0 |     0 |
| X2Y4              |     4 |    24 |     1 |    24 |     0 |     4 |     0 |     8 |     0 |     0 |     0 |     0 |     0 |     1 |     0 |     2 |
| X3Y4              |     4 |    24 |     0 |     0 |     0 |     0 |     0 |     0 |     0 |    24 |     0 |     0 |     0 |     0 |     0 |     0 |
| X0Y5              |     0 |    24 |     0 |     0 |     0 |     0 |     0 |     0 |     0 |    24 |     0 |     0 |     0 |     0 |     0 |     0 |
| X1Y5              |     2 |    24 |     0 |     0 |     0 |     0 |     0 |     0 |     0 |     0 |     0 |     0 |     0 |     0 |     0 |     0 |
| X2Y5              |     5 |    24 |     0 |    24 |     0 |     4 |     0 |     8 |     0 |     0 |     0 |     0 |     0 |     1 |     0 |     2 |
| X3Y5              |     3 |    24 |     0 |     0 |     0 |     0 |     0 |     0 |     0 |    24 |     0 |     0 |     0 |     0 |     0 |     0 |
| X0Y6              |     0 |    24 |     0 |     0 |     0 |     0 |     0 |     0 |     0 |    24 |     0 |     0 |     0 |     0 |     0 |     0 |
| X1Y6              |     0 |    24 |     0 |     0 |     0 |     0 |     0 |     0 |     0 |     0 |     0 |     0 |     0 |     0 |     0 |     0 |
| X2Y6              |     3 |    24 |     4 |    24 |     0 |     4 |     0 |     8 |     0 |     0 |     0 |     0 |     1 |     1 |     0 |     2 |
| X3Y6              |     0 |    24 |     0 |     4 |     0 |     0 |     0 |     0 |     0 |    24 |     0 |     0 |     0 |     0 |     0 |     0 |
| X0Y7              |     0 |    24 |     0 |     0 |     0 |     0 |     0 |     0 |     0 |    24 |     0 |     0 |     0 |     0 |     0 |     0 |
| X1Y7              |     0 |    24 |     0 |     0 |     0 |     0 |     0 |     0 |     0 |     0 |     0 |     0 |     0 |     0 |     0 |     0 |
| X2Y7              |     2 |    24 |     0 |    24 |     0 |     4 |     0 |     8 |     0 |     0 |     0 |     0 |     0 |     1 |     0 |     2 |
| X3Y7              |     0 |    24 |     0 |     4 |     0 |     0 |     0 |     0 |     0 |    24 |     0 |     0 |     0 |     0 |     0 |     0 |
| X0Y8              |     0 |    24 |     0 |     0 |     0 |     0 |     0 |     0 |     0 |    24 |     0 |     0 |     0 |     0 |     0 |     0 |
| X1Y8              |     0 |    24 |     0 |     0 |     0 |     0 |     0 |     0 |     0 |     0 |     0 |     0 |     0 |     0 |     0 |     0 |
| X2Y8              |     0 |    24 |     0 |    24 |     0 |     4 |     0 |     8 |     0 |     0 |     0 |     0 |     0 |     1 |     0 |     2 |
| X3Y8              |     0 |    24 |     0 |     0 |     0 |     0 |     0 |     0 |     0 |    24 |     0 |     0 |     0 |     0 |     0 |     0 |
| X0Y9              |     0 |    24 |     0 |     0 |     0 |     0 |     0 |     0 |     0 |    24 |     0 |     0 |     0 |     0 |     0 |     0 |
| X1Y9              |     1 |    24 |     0 |     0 |     0 |     0 |     0 |     0 |     0 |     0 |     0 |     0 |     0 |     0 |     0 |     0 |
| X2Y9              |     1 |    24 |     0 |    24 |     0 |     4 |     0 |     8 |     0 |     0 |     0 |     0 |     0 |     1 |     0 |     2 |
| X3Y9              |     0 |    24 |     0 |     4 |     0 |     0 |     0 |     0 |     0 |    24 |     0 |     0 |     0 |     0 |     0 |     0 |
| X0Y10             |     0 |    24 |     0 |     0 |     0 |     0 |     0 |     0 |     0 |    24 |     0 |     0 |     0 |     0 |     0 |     0 |
| X1Y10             |     0 |    24 |     0 |     0 |     0 |     0 |     0 |     0 |     0 |     0 |     0 |     0 |     0 |     0 |     0 |     0 |
| X2Y10             |     0 |    24 |     0 |    24 |     0 |     4 |     0 |     8 |     0 |     0 |     0 |     0 |     0 |     1 |     0 |     2 |
| X3Y10             |     0 |    24 |     0 |     4 |     0 |     0 |     0 |     0 |     0 |    24 |     0 |     0 |     0 |     0 |     0 |     0 |
+-------------------+-------+-------+-------+-------+-------+-------+-------+-------+-------+-------+-------+-------+-------+-------+-------+-------+
* Global Clock column represents track count; while other columns represents cell counts


5. Clock Regions : Load Primitives
----------------------------------

+-------------------+------------------+------------------+------------------+------------------+------------------+------------------+------------------+------------------+
|                   |   Global Clock   |        FF        |      LUTRAM      |  Block RAM (18K) |       URAM       |        DSP       |        GT        |      HARD IP     |
+-------------------+--------+---------+--------+---------+--------+---------+--------+---------+--------+---------+--------+---------+--------+---------+--------+---------+
| Clock Region Name | Used   | Avail   | Used   | Avail   | Used   | Avail   | Used   | Avail   | Used   | Avail   | Used   | Avail   | Used   | Avail   | Used   | Avail   |
+-------------------+--------+---------+--------+---------+--------+---------+--------+---------+--------+---------+--------+---------+--------+---------+--------+---------+
| X0Y0              |      0 |       0 |      0 |       0 |      0 |       0 |      0 |       0 |      0 |       0 |      0 |       0 |      0 |       0 |      0 |       0 |
| X1Y0              |      0 |      24 |      0 |   18240 |      0 |    4800 |      0 |      48 |      0 |       0 |      0 |      96 |      0 |       0 |      0 |       0 |
| X2Y0              |      0 |      24 |      0 |   34560 |      0 |    3360 |      0 |      48 |      0 |       0 |      0 |      24 |      0 |       0 |      0 |       0 |
| X3Y0              |      0 |      24 |      0 |   26880 |      0 |    3360 |      0 |      48 |      0 |       0 |      0 |      24 |      0 |       4 |      0 |       1 |
| X0Y1              |      0 |       0 |      0 |       0 |      0 |       0 |      0 |       0 |      0 |       0 |      0 |       0 |      0 |       0 |      0 |       0 |
| X1Y1              |      1 |      24 |    109 |   18240 |      0 |    4800 |      0 |      48 |      0 |       0 |      0 |      96 |      0 |       0 |      0 |       0 |
| X2Y1              |      1 |      24 |      3 |   34560 |      0 |    3360 |      0 |      48 |      0 |       0 |      0 |      24 |      0 |       0 |      0 |       0 |
| X3Y1              |      1 |      24 |    159 |   26880 |      0 |    3360 |      0 |      48 |      0 |       0 |      0 |      24 |      0 |       4 |      0 |       0 |
| X0Y2              |      0 |       0 |      0 |       0 |      0 |       0 |      0 |       0 |      0 |       0 |      0 |       0 |      0 |       0 |      0 |       0 |
| X1Y2              |      1 |      24 |   2000 |   18240 |    115 |    4800 |      0 |      48 |      0 |       0 |      0 |      96 |      0 |       0 |      0 |       0 |
| X2Y2              |      0 |      24 |      0 |   34560 |      0 |    3360 |      0 |      48 |      0 |       0 |      0 |      24 |      0 |       0 |      0 |       0 |
| X3Y2              |      0 |      24 |      0 |   26880 |      0 |    3360 |      0 |      48 |      0 |       0 |      0 |      24 |      0 |       4 |      0 |       0 |
| X0Y3              |      1 |      24 |    100 |   20160 |      0 |    3840 |      0 |      48 |      0 |      16 |      0 |      48 |      0 |       4 |      0 |       1 |
| X1Y3              |      2 |      24 |   1402 |   19200 |    253 |    5280 |      4 |      48 |      0 |       0 |      0 |      96 |      0 |       0 |      0 |       0 |
| X2Y3              |      4 |      24 |   8957 |   34560 |    521 |    3360 |     16 |      48 |      0 |       0 |      0 |      24 |      0 |       0 |      0 |       0 |
| X3Y3              |      4 |      24 |   2140 |   26880 |    192 |    3360 |     12 |      48 |      0 |       0 |      0 |      24 |      0 |       4 |      0 |       1 |
| X0Y4              |      0 |      24 |      0 |   20160 |      0 |    3840 |      0 |      48 |      0 |      16 |      0 |      48 |      0 |       4 |      0 |       1 |
| X1Y4              |      3 |      24 |   1780 |   19200 |     67 |    5280 |     18 |      48 |      0 |       0 |      0 |      96 |      0 |       0 |      0 |       0 |
| X2Y4              |      4 |      24 |  15217 |   34560 |    805 |    3360 |     48 |      48 |      0 |       0 |      0 |      24 |      0 |       0 |      0 |       0 |
| X3Y4              |      4 |      24 |   4366 |   26880 |    225 |    3360 |     19 |      48 |      0 |       0 |      0 |      24 |      0 |       4 |      0 |       1 |
| X0Y5              |      0 |      24 |      0 |   20160 |      0 |    3840 |      0 |      48 |      0 |      16 |      0 |      48 |      0 |       4 |      0 |       1 |
| X1Y5              |      2 |      24 |      9 |   19200 |      0 |    5280 |      0 |      48 |      0 |       0 |      0 |      96 |      0 |       0 |      0 |       0 |
| X2Y5              |      5 |      24 |  15453 |   34560 |   1293 |    3360 |     48 |      48 |      0 |       0 |      0 |      24 |      0 |       0 |      0 |       0 |
| X3Y5              |      3 |      24 |   1684 |   26880 |    230 |    3360 |      6 |      48 |      0 |       0 |      0 |      24 |      0 |       4 |      0 |       1 |
| X0Y6              |      0 |      24 |      0 |   20160 |      0 |    3840 |      0 |      48 |      0 |      16 |      0 |      48 |      0 |       4 |      0 |       1 |
| X1Y6              |      0 |      24 |      0 |   19200 |      0 |    5280 |      0 |      48 |      0 |       0 |      0 |      96 |      0 |       0 |      0 |       0 |
| X2Y6              |      3 |      24 |   6609 |   34560 |     99 |    3360 |     40 |      48 |      0 |       0 |      3 |      24 |      0 |       0 |      0 |       0 |
| X3Y6              |      0 |      24 |      0 |   26880 |      0 |    3360 |      0 |      48 |      0 |       0 |      0 |      24 |      0 |       4 |      0 |       0 |
| X0Y7              |      0 |      24 |      0 |   20160 |      0 |    3840 |      0 |      48 |      0 |      16 |      0 |      48 |      0 |       4 |      0 |       1 |
| X1Y7              |      0 |      24 |      0 |   19200 |      0 |    5280 |      0 |      48 |      0 |       0 |      0 |      96 |      0 |       0 |      0 |       0 |
| X2Y7              |      2 |      24 |     50 |   34560 |      0 |    3360 |      0 |      48 |      0 |       0 |      0 |      24 |      0 |       0 |      0 |       0 |
| X3Y7              |      0 |      24 |      0 |   26880 |      0 |    3360 |      0 |      48 |      0 |       0 |      0 |      24 |      0 |       4 |      0 |       0 |
| X0Y8              |      0 |      24 |      0 |   20160 |      0 |    3840 |      0 |      48 |      0 |      16 |      0 |      48 |      0 |       4 |      0 |       1 |
| X1Y8              |      0 |      24 |      0 |   19200 |      0 |    5280 |      0 |      48 |      0 |       0 |      0 |      96 |      0 |       0 |      0 |       0 |
| X2Y8              |      0 |      24 |      0 |   34560 |      0 |    3360 |      0 |      48 |      0 |       0 |      0 |      24 |      0 |       0 |      0 |       0 |
| X3Y8              |      0 |      24 |      0 |   26880 |      0 |    3360 |      0 |      48 |      0 |       0 |      0 |      24 |      0 |       4 |      0 |       1 |
| X0Y9              |      0 |      24 |      0 |   20160 |      0 |    3840 |      0 |      48 |      0 |      16 |      0 |      48 |      0 |       4 |      0 |       1 |
| X1Y9              |      1 |      24 |      0 |   19200 |      0 |    5280 |      0 |      48 |      0 |       0 |      0 |      96 |      0 |       0 |      0 |       0 |
| X2Y9              |      1 |      24 |      3 |   34560 |      0 |    3360 |      0 |      48 |      0 |       0 |      0 |      24 |      0 |       0 |      0 |       0 |
| X3Y9              |      0 |      24 |      0 |   26880 |      0 |    3360 |      0 |      48 |      0 |       0 |      0 |      24 |      0 |       4 |      0 |       0 |
| X0Y10             |      0 |      24 |      0 |   20160 |      0 |    3840 |      0 |      48 |      0 |      16 |      0 |      48 |      0 |       4 |      0 |       1 |
| X1Y10             |      0 |      24 |      0 |   19200 |      0 |    5280 |      0 |      48 |      0 |       0 |      0 |      96 |      0 |       0 |      0 |       0 |
| X2Y10             |      0 |      24 |      0 |   34560 |      0 |    3360 |      0 |      48 |      0 |       0 |      0 |      24 |      0 |       0 |      0 |       0 |
| X3Y10             |      0 |      24 |      0 |   26880 |      0 |    3360 |      0 |      48 |      0 |       0 |      0 |      24 |      0 |       4 |      0 |       0 |
+-------------------+--------+---------+--------+---------+--------+---------+--------+---------+--------+---------+--------+---------+--------+---------+--------+---------+
* Global Clock column represents track count; while other columns represents cell counts


6. Clock Regions : Global Clock Summary
---------------------------------------

All Modules
+-----+----+----+----+----+
|     | X0 | X1 | X2 | X3 |
+-----+----+----+----+----+
| Y10 |  0 |  0 |  0 |  0 |
| Y9  |  0 |  1 |  1 |  0 |
| Y8  |  0 |  0 |  0 |  0 |
| Y7  |  0 |  0 |  2 |  0 |
| Y6  |  0 |  0 |  4 |  0 |
| Y5  |  0 |  2 |  5 |  3 |
| Y4  |  0 |  3 |  5 |  4 |
| Y3  |  1 |  2 |  4 |  5 |
| Y2  |  0 |  1 |  0 |  0 |
| Y1  |  0 |  1 |  1 |  1 |
| Y0  |  0 |  0 |  0 |  0 |
+-----+----+----+----+----+


7. Clock Regions : Routing Resource Utilization
-----------------------------------------------

All Modules
+-------------------+----------------------+----------------------+----------------------+----------------------+
|                   |        HROUTES       |        HDISTRS       |        VROUTES       |        VDISTRS       |
+-------------------+------+-------+-------+------+-------+-------+------+-------+-------+------+-------+-------+
| Clock Region Name | Used | Avail | Util% | Used | Avail | Util% | Used | Avail | Util% | Used | Avail | Util% |
+-------------------+------+-------+-------+------+-------+-------+------+-------+-------+------+-------+-------+
| X0Y0              |    0 |     0 |  0.00 |    0 |     0 |  0.00 |    0 |     0 |  0.00 |    0 |     0 |  0.00 |
| X1Y0              |    0 |    24 |  0.00 |    0 |    24 |  0.00 |    0 |    24 |  0.00 |    0 |    24 |  0.00 |
| X2Y0              |    2 |    24 |  8.33 |    0 |    24 |  0.00 |    0 |    24 |  0.00 |    0 |    24 |  0.00 |
| X3Y0              |    2 |    24 |  8.33 |    0 |    24 |  0.00 |    0 |    24 |  0.00 |    0 |    24 |  0.00 |
| X0Y1              |    0 |     0 |  0.00 |    0 |     0 |  0.00 |    0 |     0 |  0.00 |    0 |     0 |  0.00 |
| X1Y1              |    0 |    24 |  0.00 |    1 |    24 |  4.17 |    0 |    24 |  0.00 |    1 |    24 |  4.17 |
| X2Y1              |    0 |    24 |  0.00 |    1 |    24 |  4.17 |    0 |    24 |  0.00 |    1 |    24 |  4.17 |
| X3Y1              |    0 |    24 |  0.00 |    1 |    24 |  4.17 |    1 |    24 |  4.17 |    1 |    24 |  4.17 |
| X0Y2              |    0 |     0 |  0.00 |    0 |     0 |  0.00 |    0 |     0 |  0.00 |    0 |     0 |  0.00 |
| X1Y2              |    1 |    24 |  4.17 |    1 |    24 |  4.17 |    0 |    24 |  0.00 |    1 |    24 |  4.17 |
| X2Y2              |    0 |    24 |  0.00 |    0 |    24 |  0.00 |    0 |    24 |  0.00 |    1 |    24 |  4.17 |
| X3Y2              |    0 |    24 |  0.00 |    0 |    24 |  0.00 |    1 |    24 |  4.17 |    1 |    24 |  4.17 |
| X0Y3              |    0 |    24 |  0.00 |    1 |    24 |  4.17 |    0 |    24 |  0.00 |    0 |    24 |  0.00 |
| X1Y3              |    0 |    24 |  0.00 |    2 |    24 |  8.33 |    1 |    24 |  4.17 |    1 |    24 |  4.17 |
| X2Y3              |    0 |    24 |  0.00 |    4 |    24 | 16.67 |    0 |    24 |  0.00 |    3 |    24 | 12.50 |
| X3Y3              |    0 |    24 |  0.00 |    4 |    24 | 16.67 |    0 |    24 |  0.00 |    1 |    24 |  4.17 |
| X0Y4              |    0 |    24 |  0.00 |    0 |    24 |  0.00 |    0 |    24 |  0.00 |    0 |    24 |  0.00 |
| X1Y4              |    0 |    24 |  0.00 |    3 |    24 | 12.50 |    1 |    24 |  4.17 |    1 |    24 |  4.17 |
| X2Y4              |    0 |    24 |  0.00 |    4 |    24 | 16.67 |    3 |    24 | 12.50 |    4 |    24 | 16.67 |
| X3Y4              |    0 |    24 |  0.00 |    4 |    24 | 16.67 |    0 |    24 |  0.00 |    0 |    24 |  0.00 |
| X0Y5              |    0 |    24 |  0.00 |    0 |    24 |  0.00 |    0 |    24 |  0.00 |    0 |    24 |  0.00 |
| X1Y5              |    0 |    24 |  0.00 |    2 |    24 |  8.33 |    1 |    24 |  4.17 |    1 |    24 |  4.17 |
| X2Y5              |    0 |    24 |  0.00 |    5 |    24 | 20.83 |    3 |    24 | 12.50 |    3 |    24 | 12.50 |
| X3Y5              |    0 |    24 |  0.00 |    3 |    24 | 12.50 |    0 |    24 |  0.00 |    0 |    24 |  0.00 |
| X0Y6              |    0 |    24 |  0.00 |    0 |    24 |  0.00 |    0 |    24 |  0.00 |    0 |    24 |  0.00 |
| X1Y6              |    0 |    24 |  0.00 |    0 |    24 |  0.00 |    0 |    24 |  0.00 |    1 |    24 |  4.17 |
| X2Y6              |    4 |    24 | 16.67 |    3 |    24 | 12.50 |    3 |    24 | 12.50 |    3 |    24 | 12.50 |
| X3Y6              |    0 |    24 |  0.00 |    0 |    24 |  0.00 |    0 |    24 |  0.00 |    0 |    24 |  0.00 |
| X0Y7              |    0 |    24 |  0.00 |    0 |    24 |  0.00 |    0 |    24 |  0.00 |    0 |    24 |  0.00 |
| X1Y7              |    0 |    24 |  0.00 |    0 |    24 |  0.00 |    0 |    24 |  0.00 |    1 |    24 |  4.17 |
| X2Y7              |    0 |    24 |  0.00 |    2 |    24 |  8.33 |    0 |    24 |  0.00 |    0 |    24 |  0.00 |
| X3Y7              |    0 |    24 |  0.00 |    0 |    24 |  0.00 |    0 |    24 |  0.00 |    0 |    24 |  0.00 |
| X0Y8              |    0 |    24 |  0.00 |    0 |    24 |  0.00 |    0 |    24 |  0.00 |    0 |    24 |  0.00 |
| X1Y8              |    0 |    24 |  0.00 |    0 |    24 |  0.00 |    0 |    24 |  0.00 |    1 |    24 |  4.17 |
| X2Y8              |    0 |    24 |  0.00 |    0 |    24 |  0.00 |    0 |    24 |  0.00 |    0 |    24 |  0.00 |
| X3Y8              |    0 |    24 |  0.00 |    0 |    24 |  0.00 |    0 |    24 |  0.00 |    0 |    24 |  0.00 |
| X0Y9              |    0 |    24 |  0.00 |    0 |    24 |  0.00 |    0 |    24 |  0.00 |    0 |    24 |  0.00 |
| X1Y9              |    0 |    24 |  0.00 |    1 |    24 |  4.17 |    0 |    24 |  0.00 |    0 |    24 |  0.00 |
| X2Y9              |    0 |    24 |  0.00 |    1 |    24 |  4.17 |    0 |    24 |  0.00 |    0 |    24 |  0.00 |
| X3Y9              |    0 |    24 |  0.00 |    0 |    24 |  0.00 |    0 |    24 |  0.00 |    0 |    24 |  0.00 |
| X0Y10             |    0 |    24 |  0.00 |    0 |    24 |  0.00 |    0 |    24 |  0.00 |    0 |    24 |  0.00 |
| X1Y10             |    0 |    24 |  0.00 |    0 |    24 |  0.00 |    0 |    24 |  0.00 |    0 |    24 |  0.00 |
| X2Y10             |    0 |    24 |  0.00 |    0 |    24 |  0.00 |    0 |    24 |  0.00 |    0 |    24 |  0.00 |
| X3Y10             |    0 |    24 |  0.00 |    0 |    24 |  0.00 |    0 |    24 |  0.00 |    0 |    24 |  0.00 |
+-------------------+------+-------+-------+------+-------+-------+------+-------+-------+------+-------+-------+


8. Device Cell Placement Summary for Global Clock g0
----------------------------------------------------

+-----------+-----------------+-------------------+-------+-------------+---------------+----------+-------------+----------+----------------+----------+--------------------------------------------------------------+
| Global Id | Driver Type/Pin | Driver Region (D) | Clock | Period (ns) | Waveform (ns) | Root (R) | Slice Loads | IO Loads | Clocking Loads | GT Loads | Net                                                          |
+-----------+-----------------+-------------------+-------+-------------+---------------+----------+-------------+----------+----------------+----------+--------------------------------------------------------------+
| g0        | BUFGCE/O        | X2Y6              |       |             |               | X2Y4     |       28054 |        0 |              3 |        0 | design_1_i/ddr4_0/inst/u_ddr4_infrastructure/u_bufg_divClk_0 |
+-----------+-----------------+-------------------+-------+-------------+---------------+----------+-------------+----------+----------------+----------+--------------------------------------------------------------+
* Slice Loads column represents load cell count of all cell types other than IO, GT and clock resources
** IO Loads column represents load cell count of IO types
*** Clocking Loads column represents load cell count that are clock resources (global clock buffer, MMCM, PLL, etc)
**** GT Loads column represents load cell count of GT types


+-----+----+------+-----------+-------+-----------------------+
|     | X0 | X1   | X2        | X3    | HORIZONTAL PROG DELAY |
+-----+----+------+-----------+-------+-----------------------+
| Y10 |  0 |    0 |         0 |     0 |                     - |
| Y9  |  0 |    0 |         0 |     0 |                     - |
| Y8  |  0 |    0 |         0 |     0 |                     - |
| Y7  |  0 |    0 |        83 |     0 |                     1 |
| Y6  |  0 |    0 |  (D) 5561 |     0 |                     2 |
| Y5  |  0 |    0 |     15611 |  1560 |                     3 |
| Y4  |  0 |  172 |  (R) 3977 |   953 |                     3 |
| Y3  |  0 |    0 |        88 |    49 |                     2 |
| Y2  |  0 |    0 |         0 |     0 |                     - |
| Y1  |  0 |    0 |         3 |     0 |                     0 |
| Y0  |  0 |    0 |         0 |     0 |                     - |
+-----+----+------+-----------+-------+-----------------------+


9. Device Cell Placement Summary for Global Clock g1
----------------------------------------------------

+-----------+-----------------+-------------------+----------+-------------+---------------+----------+-------------+----------+----------------+----------+-------------------------------------------+
| Global Id | Driver Type/Pin | Driver Region (D) | Clock    | Period (ns) | Waveform (ns) | Root (R) | Slice Loads | IO Loads | Clocking Loads | GT Loads | Net                                       |
+-----------+-----------------+-------------------+----------+-------------+---------------+----------+-------------+----------+----------------+----------+-------------------------------------------+
| g1        | BUFG_PS/O       | X1Y2              | clk_pl_0 |      10.312 | {0.000 5.156} | X1Y5     |       26752 |        0 |              0 |        0 | design_1_i/zynq_ultra_ps_e_0/inst/pl_clk0 |
+-----------+-----------------+-------------------+----------+-------------+---------------+----------+-------------+----------+----------------+----------+-------------------------------------------+
* Slice Loads column represents load cell count of all cell types other than IO, GT and clock resources
** IO Loads column represents load cell count of IO types
*** Clocking Loads column represents load cell count that are clock resources (global clock buffer, MMCM, PLL, etc)
**** GT Loads column represents load cell count of GT types


+-----+------+-----------+--------+-------+-----------------------+
|     | X0   | X1        | X2     | X3    | HORIZONTAL PROG DELAY |
+-----+------+-----------+--------+-------+-----------------------+
| Y10 |    0 |         0 |      0 |     0 |                     - |
| Y9  |    0 |         0 |      3 |     0 |                     1 |
| Y8  |    0 |         0 |      0 |     0 |                     - |
| Y7  |    0 |         0 |      0 |     0 |                     - |
| Y6  |    0 |         0 |      0 |     0 |                     - |
| Y5  |    0 |     (R) 0 |    206 |    27 |                     4 |
| Y4  |    0 |      1684 |  10625 |  1355 |                     3 |
| Y3  |  100 |      1657 |   7400 |  1470 |                     2 |
| Y2  |    0 |  (D) 2115 |      0 |     0 |                     1 |
| Y1  |    0 |       109 |      0 |     0 |                     0 |
| Y0  |    1 |         0 |      0 |     0 |                     0 |
+-----+------+-----------+--------+-------+-----------------------+


10. Device Cell Placement Summary for Global Clock g2
-----------------------------------------------------

+-----------+-----------------+-------------------+-------+-------------+---------------+----------+-------------+----------+----------------+----------+------------------------------------------------------+
| Global Id | Driver Type/Pin | Driver Region (D) | Clock | Period (ns) | Waveform (ns) | Root (R) | Slice Loads | IO Loads | Clocking Loads | GT Loads | Net                                                  |
+-----------+-----------------+-------------------+-------+-------------+---------------+----------+-------------+----------+----------------+----------+------------------------------------------------------+
| g2        | BUFGCE/O        | X2Y6              |       |             |               | X2Y4     |        7236 |        0 |              0 |        0 | design_1_i/ddr4_0/inst/u_ddr4_infrastructure/dbg_clk |
+-----------+-----------------+-------------------+-------+-------------+---------------+----------+-------------+----------+----------------+----------+------------------------------------------------------+
* Slice Loads column represents load cell count of all cell types other than IO, GT and clock resources
** IO Loads column represents load cell count of IO types
*** Clocking Loads column represents load cell count that are clock resources (global clock buffer, MMCM, PLL, etc)
**** GT Loads column represents load cell count of GT types


+-----+----+----+----------+-------+-----------------------+
|     | X0 | X1 | X2       | X3    | HORIZONTAL PROG DELAY |
+-----+----+----+----------+-------+-----------------------+
| Y10 |  0 |  0 |        0 |     0 |                     - |
| Y9  |  0 |  0 |        0 |     0 |                     - |
| Y8  |  0 |  0 |        0 |     0 |                     - |
| Y7  |  0 |  0 |        0 |     0 |                     - |
| Y6  |  0 |  0 |    (D) 0 |     0 |                     - |
| Y5  |  0 |  9 |      623 |   333 |                     1 |
| Y4  |  0 |  0 | (R) 1460 |  1984 |                     1 |
| Y3  |  0 |  0 |     2004 |   823 |                     0 |
| Y2  |  0 |  0 |        0 |     0 |                     - |
| Y1  |  0 |  0 |        0 |     0 |                     - |
| Y0  |  0 |  0 |        0 |     0 |                     - |
+-----+----+----+----------+-------+-----------------------+


11. Device Cell Placement Summary for Global Clock g3
-----------------------------------------------------

+-----------+-----------------+-------------------+-------+-------------+---------------+----------+-------------+----------+----------------+----------+---------------------------------------------------------+
| Global Id | Driver Type/Pin | Driver Region (D) | Clock | Period (ns) | Waveform (ns) | Root (R) | Slice Loads | IO Loads | Clocking Loads | GT Loads | Net                                                     |
+-----------+-----------------+-------------------+-------+-------------+---------------+----------+-------------+----------+----------------+----------+---------------------------------------------------------+
| g3        | BUFGCE/O        | X2Y6              |       |             |               | X2Y4     |        1606 |        0 |              0 |        0 | design_1_i/ddr4_0/inst/u_ddr4_infrastructure/c0_riu_clk |
+-----------+-----------------+-------------------+-------+-------------+---------------+----------+-------------+----------+----------------+----------+---------------------------------------------------------+
* Slice Loads column represents load cell count of all cell types other than IO, GT and clock resources
** IO Loads column represents load cell count of IO types
*** Clocking Loads column represents load cell count that are clock resources (global clock buffer, MMCM, PLL, etc)
**** GT Loads column represents load cell count of GT types


+-----+----+----+-----------+----+-----------------------+
|     | X0 | X1 | X2        | X3 | HORIZONTAL PROG DELAY |
+-----+----+----+-----------+----+-----------------------+
| Y10 |  0 |  0 |         0 |  0 |                     - |
| Y9  |  0 |  0 |         0 |  0 |                     - |
| Y8  |  0 |  0 |         0 |  0 |                     - |
| Y7  |  0 |  0 |        16 |  0 |                     1 |
| Y6  |  0 |  0 |  (D) 1208 |  0 |                     2 |
| Y5  |  0 |  0 |       382 |  0 |                     3 |
| Y4  |  0 |  0 |     (R) 0 |  0 |                     - |
| Y3  |  0 |  0 |         0 |  0 |                     - |
| Y2  |  0 |  0 |         0 |  0 |                     - |
| Y1  |  0 |  0 |         0 |  0 |                     - |
| Y0  |  0 |  0 |         0 |  0 |                     - |
+-----+----+----+-----------+----+-----------------------+


12. Device Cell Placement Summary for Global Clock g4
-----------------------------------------------------

+-----------+-----------------+-------------------+-----------------------------------------------------------------------------------------------------+-------------+----------------+----------+-------------+----------+----------------+----------+----------------------------------------+
| Global Id | Driver Type/Pin | Driver Region (D) | Clock                                                                                               | Period (ns) | Waveform (ns)  | Root (R) | Slice Loads | IO Loads | Clocking Loads | GT Loads | Net                                    |
+-----------+-----------------+-------------------+-----------------------------------------------------------------------------------------------------+-------------+----------------+----------+-------------+----------+----------------+----------+----------------------------------------+
| g4        | BUFGCE/O        | X2Y0              | dbg_hub/inst/BSCANID.u_xsdbm_id/SWITCH_N_EXT_BSCAN.bscan_inst/SERIES7_BSCAN.bscan_inst/INTERNAL_TCK |      50.000 | {0.000 25.000} | X3Y2     |         469 |        0 |              0 |        0 | dbg_hub/inst/BSCANID.u_xsdbm_id/itck_i |
+-----------+-----------------+-------------------+-----------------------------------------------------------------------------------------------------+-------------+----------------+----------+-------------+----------+----------------+----------+----------------------------------------+
* Slice Loads column represents load cell count of all cell types other than IO, GT and clock resources
** IO Loads column represents load cell count of IO types
*** Clocking Loads column represents load cell count that are clock resources (global clock buffer, MMCM, PLL, etc)
**** GT Loads column represents load cell count of GT types


+-----+----+----+--------+-------+-----------------------+
|     | X0 | X1 | X2     | X3    | HORIZONTAL PROG DELAY |
+-----+----+----+--------+-------+-----------------------+
| Y10 |  0 |  0 |      0 |     0 |                     - |
| Y9  |  0 |  0 |      0 |     0 |                     - |
| Y8  |  0 |  0 |      0 |     0 |                     - |
| Y7  |  0 |  0 |      0 |     0 |                     - |
| Y6  |  0 |  0 |      0 |     0 |                     - |
| Y5  |  0 |  0 |      0 |     0 |                     - |
| Y4  |  0 |  0 |      0 |   310 |                     0 |
| Y3  |  0 |  0 |      0 |     0 |                     - |
| Y2  |  0 |  0 |      0 | (R) 0 |                     - |
| Y1  |  0 |  0 |      0 |   159 |                     0 |
| Y0  |  0 |  0 |  (D) 0 |     0 |                     - |
+-----+----+----+--------+-------+-----------------------+


13. Device Cell Placement Summary for Global Clock g5
-----------------------------------------------------

+-----------+-----------------+-------------------+-------+-------------+---------------+----------+-------------+----------+----------------+----------+---------------------------------------+
| Global Id | Driver Type/Pin | Driver Region (D) | Clock | Period (ns) | Waveform (ns) | Root (R) | Slice Loads | IO Loads | Clocking Loads | GT Loads | Net                                   |
+-----------+-----------------+-------------------+-------+-------------+---------------+----------+-------------+----------+----------------+----------+---------------------------------------+
| g5        | BUFGCE/O        | X2Y6              |       |             |               | X2Y6     |          17 |        0 |              1 |        0 | design_1_i/util_ds_buf_1/U0/BUFG_O[0] |
+-----------+-----------------+-------------------+-------+-------------+---------------+----------+-------------+----------+----------------+----------+---------------------------------------+
* Slice Loads column represents load cell count of all cell types other than IO, GT and clock resources
** IO Loads column represents load cell count of IO types
*** Clocking Loads column represents load cell count that are clock resources (global clock buffer, MMCM, PLL, etc)
**** GT Loads column represents load cell count of GT types


+-----+----+----+-----------+----+-----------------------+
|     | X0 | X1 | X2        | X3 | HORIZONTAL PROG DELAY |
+-----+----+----+-----------+----+-----------------------+
| Y10 |  0 |  0 |         0 |  0 |                     - |
| Y9  |  0 |  0 |         0 |  0 |                     - |
| Y8  |  0 |  0 |         0 |  0 |                     - |
| Y7  |  0 |  0 |         0 |  0 |                     - |
| Y6  |  0 |  0 | (R) (D) 1 |  0 |                     1 |
| Y5  |  0 |  0 |        17 |  0 |                     0 |
| Y4  |  0 |  0 |         0 |  0 |                     - |
| Y3  |  0 |  0 |         0 |  0 |                     - |
| Y2  |  0 |  0 |         0 |  0 |                     - |
| Y1  |  0 |  0 |         0 |  0 |                     - |
| Y0  |  0 |  0 |         0 |  0 |                     - |
+-----+----+----+-----------+----+-----------------------+


14. Device Cell Placement Summary for Global Clock g6
-----------------------------------------------------

+-----------+-----------------+-------------------+-------+-------------+---------------+----------+-------------+----------+----------------+----------+---------------------------------------------------+
| Global Id | Driver Type/Pin | Driver Region (D) | Clock | Period (ns) | Waveform (ns) | Root (R) | Slice Loads | IO Loads | Clocking Loads | GT Loads | Net                                               |
+-----------+-----------------+-------------------+-------+-------------+---------------+----------+-------------+----------+----------------+----------+---------------------------------------------------+
| g6        | BUFGCE/O        | X2Y4              |       |             |               | X2Y4     |        3443 |        0 |              0 |        0 | design_1_i/rst_ps8_0_96M/U0/peripheral_aresetn[0] |
+-----------+-----------------+-------------------+-------+-------------+---------------+----------+-------------+----------+----------------+----------+---------------------------------------------------+
* Slice Loads column represents load cell count of all cell types other than IO, GT and clock resources
** IO Loads column represents load cell count of IO types
*** Clocking Loads column represents load cell count that are clock resources (global clock buffer, MMCM, PLL, etc)
**** GT Loads column represents load cell count of GT types


+-----+----+------+-------------+----+-----------------------+
|     | X0 | X1   | X2          | X3 | HORIZONTAL PROG DELAY |
+-----+----+------+-------------+----+-----------------------+
| Y10 |  0 |    0 |           0 |  0 |                     - |
| Y9  |  0 |    0 |           0 |  0 |                     - |
| Y8  |  0 |    0 |           0 |  0 |                     - |
| Y7  |  0 |    0 |           0 |  0 |                     - |
| Y6  |  0 |    0 |           0 |  0 |                     - |
| Y5  |  0 |    0 |           0 |  0 |                     - |
| Y4  |  0 |    8 | (R) (D) 131 |  0 |                     0 |
| Y3  |  0 |  160 |        3137 |  7 |                     0 |
| Y2  |  0 |    0 |           0 |  0 |                     - |
| Y1  |  0 |    0 |           0 |  0 |                     - |
| Y0  |  0 |    0 |           0 |  0 |                     - |
+-----+----+------+-------------+----+-----------------------+


15. Clock Region Cell Placement per Global Clock: Region X1Y1
-------------------------------------------------------------

+-----------+-------+-----------------+------------+-------------+-----------------+-----+-------------+------+------+-----+----+------+-----+---------+-------------------------------------------+
| Global Id | Track | Driver Type/Pin | Constraint | Clock Loads | Non-Clock Loads | FF  | Memory LUTs | RAMB | URAM | DSP | GT | MMCM | PLL | Hard IP | Net                                       |
+-----------+-------+-----------------+------------+-------------+-----------------+-----+-------------+------+------+-----+----+------+-----+---------+-------------------------------------------+
| g1        | 10    | BUFG_PS/O       | None       |         109 |               0 | 109 |           0 |    0 |    0 |   0 |  0 |    0 |   0 |       0 | design_1_i/zynq_ultra_ps_e_0/inst/pl_clk0 |
+-----------+-------+-----------------+------------+-------------+-----------------+-----+-------------+------+------+-----+----+------+-----+---------+-------------------------------------------+
* Clock Loads column represents cell count of net connects that connect to a clock pin. Internal cell leaf pins are not considered
** Non-Clock Loads column represents cell count of non-clock pin loads
*** Columns FF, LUTRAM, RAMB through 'Hard IP' represents load cell counts


16. Clock Region Cell Placement per Global Clock: Region X2Y1
-------------------------------------------------------------

+-----------+-------+-----------------+------------+-------------+-----------------+----+-------------+------+------+-----+----+------+-----+---------+--------------------------------------------------------------+
| Global Id | Track | Driver Type/Pin | Constraint | Clock Loads | Non-Clock Loads | FF | Memory LUTs | RAMB | URAM | DSP | GT | MMCM | PLL | Hard IP | Net                                                          |
+-----------+-------+-----------------+------------+-------------+-----------------+----+-------------+------+------+-----+----+------+-----+---------+--------------------------------------------------------------+
| g0        | 11    | BUFGCE/O        | None       |           3 |               0 |  3 |           0 |    0 |    0 |   0 |  0 |    0 |   0 |       0 | design_1_i/ddr4_0/inst/u_ddr4_infrastructure/u_bufg_divClk_0 |
+-----------+-------+-----------------+------------+-------------+-----------------+----+-------------+------+------+-----+----+------+-----+---------+--------------------------------------------------------------+
* Clock Loads column represents cell count of net connects that connect to a clock pin. Internal cell leaf pins are not considered
** Non-Clock Loads column represents cell count of non-clock pin loads
*** Columns FF, LUTRAM, RAMB through 'Hard IP' represents load cell counts


17. Clock Region Cell Placement per Global Clock: Region X3Y1
-------------------------------------------------------------

+-----------+-------+-----------------+------------+-------------+-----------------+-----+-------------+------+------+-----+----+------+-----+---------+----------------------------------------+
| Global Id | Track | Driver Type/Pin | Constraint | Clock Loads | Non-Clock Loads | FF  | Memory LUTs | RAMB | URAM | DSP | GT | MMCM | PLL | Hard IP | Net                                    |
+-----------+-------+-----------------+------------+-------------+-----------------+-----+-------------+------+------+-----+----+------+-----+---------+----------------------------------------+
| g4        | 20    | BUFGCE/O        | None       |         159 |               0 | 159 |           0 |    0 |    0 |   0 |  0 |    0 |   0 |       0 | dbg_hub/inst/BSCANID.u_xsdbm_id/itck_i |
+-----------+-------+-----------------+------------+-------------+-----------------+-----+-------------+------+------+-----+----+------+-----+---------+----------------------------------------+
* Clock Loads column represents cell count of net connects that connect to a clock pin. Internal cell leaf pins are not considered
** Non-Clock Loads column represents cell count of non-clock pin loads
*** Columns FF, LUTRAM, RAMB through 'Hard IP' represents load cell counts


18. Clock Region Cell Placement per Global Clock: Region X1Y2
-------------------------------------------------------------

+-----------+-------+-----------------+------------+-------------+-----------------+------+-------------+------+------+-----+----+------+-----+---------+-------------------------------------------+
| Global Id | Track | Driver Type/Pin | Constraint | Clock Loads | Non-Clock Loads | FF   | Memory LUTs | RAMB | URAM | DSP | GT | MMCM | PLL | Hard IP | Net                                       |
+-----------+-------+-----------------+------------+-------------+-----------------+------+-------------+------+------+-----+----+------+-----+---------+-------------------------------------------+
| g1        | 10    | BUFG_PS/O       | None       |        2115 |               0 | 2000 |         115 |    0 |    0 |   0 |  0 |    0 |   0 |       0 | design_1_i/zynq_ultra_ps_e_0/inst/pl_clk0 |
+-----------+-------+-----------------+------------+-------------+-----------------+------+-------------+------+------+-----+----+------+-----+---------+-------------------------------------------+
* Clock Loads column represents cell count of net connects that connect to a clock pin. Internal cell leaf pins are not considered
** Non-Clock Loads column represents cell count of non-clock pin loads
*** Columns FF, LUTRAM, RAMB through 'Hard IP' represents load cell counts


19. Clock Region Cell Placement per Global Clock: Region X0Y3
-------------------------------------------------------------

+-----------+-------+-----------------+------------+-------------+-----------------+-----+-------------+------+------+-----+----+------+-----+---------+-------------------------------------------+
| Global Id | Track | Driver Type/Pin | Constraint | Clock Loads | Non-Clock Loads | FF  | Memory LUTs | RAMB | URAM | DSP | GT | MMCM | PLL | Hard IP | Net                                       |
+-----------+-------+-----------------+------------+-------------+-----------------+-----+-------------+------+------+-----+----+------+-----+---------+-------------------------------------------+
| g1        | 10    | BUFG_PS/O       | None       |         100 |               0 | 100 |           0 |    0 |    0 |   0 |  0 |    0 |   0 |       0 | design_1_i/zynq_ultra_ps_e_0/inst/pl_clk0 |
+-----------+-------+-----------------+------------+-------------+-----------------+-----+-------------+------+------+-----+----+------+-----+---------+-------------------------------------------+
* Clock Loads column represents cell count of net connects that connect to a clock pin. Internal cell leaf pins are not considered
** Non-Clock Loads column represents cell count of non-clock pin loads
*** Columns FF, LUTRAM, RAMB through 'Hard IP' represents load cell counts


20. Clock Region Cell Placement per Global Clock: Region X1Y3
-------------------------------------------------------------

+-----------+-------+-----------------+------------+-------------+-----------------+------+-------------+------+------+-----+----+------+-----+---------+---------------------------------------------------+
| Global Id | Track | Driver Type/Pin | Constraint | Clock Loads | Non-Clock Loads | FF   | Memory LUTs | RAMB | URAM | DSP | GT | MMCM | PLL | Hard IP | Net                                               |
+-----------+-------+-----------------+------------+-------------+-----------------+------+-------------+------+------+-----+----+------+-----+---------+---------------------------------------------------+
| g1        | 10    | BUFG_PS/O       | None       |        1657 |               0 | 1402 |         253 |    2 |    0 |   0 |  0 |    0 |   0 |       0 | design_1_i/zynq_ultra_ps_e_0/inst/pl_clk0         |
| g6        | 2     | BUFGCE/O        | None       |           0 |             160 |  160 |           0 |    0 |    0 |   0 |  0 |    0 |   0 |       0 | design_1_i/rst_ps8_0_96M/U0/peripheral_aresetn[0] |
+-----------+-------+-----------------+------------+-------------+-----------------+------+-------------+------+------+-----+----+------+-----+---------+---------------------------------------------------+
* Clock Loads column represents cell count of net connects that connect to a clock pin. Internal cell leaf pins are not considered
** Non-Clock Loads column represents cell count of non-clock pin loads
*** Columns FF, LUTRAM, RAMB through 'Hard IP' represents load cell counts


21. Clock Region Cell Placement per Global Clock: Region X2Y3
-------------------------------------------------------------

+-----------+-------+-----------------+------------+-------------+-----------------+------+-------------+------+------+-----+----+------+-----+---------+--------------------------------------------------------------+
| Global Id | Track | Driver Type/Pin | Constraint | Clock Loads | Non-Clock Loads | FF   | Memory LUTs | RAMB | URAM | DSP | GT | MMCM | PLL | Hard IP | Net                                                          |
+-----------+-------+-----------------+------------+-------------+-----------------+------+-------------+------+------+-----+----+------+-----+---------+--------------------------------------------------------------+
| g0        | 11    | BUFGCE/O        | None       |          88 |               0 |   84 |           4 |    0 |    0 |   0 |  0 |    0 |   0 |       0 | design_1_i/ddr4_0/inst/u_ddr4_infrastructure/u_bufg_divClk_0 |
| g1        | 10    | BUFG_PS/O       | None       |        7400 |               0 | 6930 |         462 |    8 |    0 |   0 |  0 |    0 |   0 |       0 | design_1_i/zynq_ultra_ps_e_0/inst/pl_clk0                    |
| g2        | 22    | BUFGCE/O        | None       |        2004 |               0 | 1943 |          55 |    6 |    0 |   0 |  0 |    0 |   0 |       0 | design_1_i/ddr4_0/inst/u_ddr4_infrastructure/dbg_clk         |
| g6        | 2     | BUFGCE/O        | None       |           0 |            3137 | 3137 |           0 |    0 |    0 |   0 |  0 |    0 |   0 |       0 | design_1_i/rst_ps8_0_96M/U0/peripheral_aresetn[0]            |
+-----------+-------+-----------------+------------+-------------+-----------------+------+-------------+------+------+-----+----+------+-----+---------+--------------------------------------------------------------+
* Clock Loads column represents cell count of net connects that connect to a clock pin. Internal cell leaf pins are not considered
** Non-Clock Loads column represents cell count of non-clock pin loads
*** Columns FF, LUTRAM, RAMB through 'Hard IP' represents load cell counts


22. Clock Region Cell Placement per Global Clock: Region X3Y3
-------------------------------------------------------------

+-----------+-------+-----------------+------------+-------------+-----------------+------+-------------+------+------+-----+----+------+-----+---------+--------------------------------------------------------------+
| Global Id | Track | Driver Type/Pin | Constraint | Clock Loads | Non-Clock Loads | FF   | Memory LUTs | RAMB | URAM | DSP | GT | MMCM | PLL | Hard IP | Net                                                          |
+-----------+-------+-----------------+------------+-------------+-----------------+------+-------------+------+------+-----+----+------+-----+---------+--------------------------------------------------------------+
| g0        | 11    | BUFGCE/O        | None       |          49 |               0 |   47 |           2 |    0 |    0 |   0 |  0 |    0 |   0 |       0 | design_1_i/ddr4_0/inst/u_ddr4_infrastructure/u_bufg_divClk_0 |
| g1        | 10    | BUFG_PS/O       | None       |        1470 |               0 | 1286 |         178 |    6 |    0 |   0 |  0 |    0 |   0 |       0 | design_1_i/zynq_ultra_ps_e_0/inst/pl_clk0                    |
| g2        | 22    | BUFGCE/O        | None       |         823 |               0 |  807 |          12 |    4 |    0 |   0 |  0 |    0 |   0 |       0 | design_1_i/ddr4_0/inst/u_ddr4_infrastructure/dbg_clk         |
| g4+       | 20    | BUFGCE/O        | None       |           0 |               0 |    0 |           0 |    0 |    0 |   0 |  0 |    0 |   0 |       0 | dbg_hub/inst/BSCANID.u_xsdbm_id/itck_i                       |
| g6        | 2     | BUFGCE/O        | None       |           0 |               7 |    7 |           0 |    0 |    0 |   0 |  0 |    0 |   0 |       0 | design_1_i/rst_ps8_0_96M/U0/peripheral_aresetn[0]            |
+-----------+-------+-----------------+------------+-------------+-----------------+------+-------------+------+------+-----+----+------+-----+---------+--------------------------------------------------------------+
* Clock Loads column represents cell count of net connects that connect to a clock pin. Internal cell leaf pins are not considered
** Non-Clock Loads column represents cell count of non-clock pin loads
*** Columns FF, LUTRAM, RAMB through 'Hard IP' represents load cell counts
**** In Global Id column, sympbol '+' indicates that global clock was used only to route through the clock region.


23. Clock Region Cell Placement per Global Clock: Region X1Y4
-------------------------------------------------------------

+-----------+-------+-----------------+------------+-------------+-----------------+------+-------------+------+------+-----+----+------+-----+---------+--------------------------------------------------------------+
| Global Id | Track | Driver Type/Pin | Constraint | Clock Loads | Non-Clock Loads | FF   | Memory LUTs | RAMB | URAM | DSP | GT | MMCM | PLL | Hard IP | Net                                                          |
+-----------+-------+-----------------+------------+-------------+-----------------+------+-------------+------+------+-----+----+------+-----+---------+--------------------------------------------------------------+
| g0        | 11    | BUFGCE/O        | None       |         172 |               0 |  172 |           0 |    0 |    0 |   0 |  0 |    0 |   0 |       0 | design_1_i/ddr4_0/inst/u_ddr4_infrastructure/u_bufg_divClk_0 |
| g1        | 10    | BUFG_PS/O       | None       |        1684 |               0 | 1608 |          67 |    9 |    0 |   0 |  0 |    0 |   0 |       0 | design_1_i/zynq_ultra_ps_e_0/inst/pl_clk0                    |
| g6        | 2     | BUFGCE/O        | None       |           0 |               8 |    8 |           0 |    0 |    0 |   0 |  0 |    0 |   0 |       0 | design_1_i/rst_ps8_0_96M/U0/peripheral_aresetn[0]            |
+-----------+-------+-----------------+------------+-------------+-----------------+------+-------------+------+------+-----+----+------+-----+---------+--------------------------------------------------------------+
* Clock Loads column represents cell count of net connects that connect to a clock pin. Internal cell leaf pins are not considered
** Non-Clock Loads column represents cell count of non-clock pin loads
*** Columns FF, LUTRAM, RAMB through 'Hard IP' represents load cell counts


24. Clock Region Cell Placement per Global Clock: Region X2Y4
-------------------------------------------------------------

+-----------+-------+-----------------+------------+-------------+-----------------+-------+-------------+------+------+-----+----+------+-----+---------+--------------------------------------------------------------+
| Global Id | Track | Driver Type/Pin | Constraint | Clock Loads | Non-Clock Loads | FF    | Memory LUTs | RAMB | URAM | DSP | GT | MMCM | PLL | Hard IP | Net                                                          |
+-----------+-------+-----------------+------------+-------------+-----------------+-------+-------------+------+------+-----+----+------+-----+---------+--------------------------------------------------------------+
| g0        | 11    | BUFGCE/O        | None       |        3977 |               0 |  3542 |         421 |   14 |    0 |   0 |  0 |    0 |   0 |       0 | design_1_i/ddr4_0/inst/u_ddr4_infrastructure/u_bufg_divClk_0 |
| g1        | 10    | BUFG_PS/O       | None       |       10625 |               0 | 10244 |         371 |   10 |    0 |   0 |  0 |    0 |   0 |       0 | design_1_i/zynq_ultra_ps_e_0/inst/pl_clk0                    |
| g2        | 22    | BUFGCE/O        | None       |        1460 |               0 |  1431 |          13 |   16 |    0 |   0 |  0 |    0 |   0 |       0 | design_1_i/ddr4_0/inst/u_ddr4_infrastructure/dbg_clk         |
| g3+       | 0     | BUFGCE/O        | None       |           0 |               0 |     0 |           0 |    0 |    0 |   0 |  0 |    0 |   0 |       0 | design_1_i/ddr4_0/inst/u_ddr4_infrastructure/c0_riu_clk      |
| g6        | 2     | BUFGCE/O        | None       |           0 |             131 |   131 |           0 |    0 |    0 |   0 |  0 |    0 |   0 |       0 | design_1_i/rst_ps8_0_96M/U0/peripheral_aresetn[0]            |
+-----------+-------+-----------------+------------+-------------+-----------------+-------+-------------+------+------+-----+----+------+-----+---------+--------------------------------------------------------------+
* Clock Loads column represents cell count of net connects that connect to a clock pin. Internal cell leaf pins are not considered
** Non-Clock Loads column represents cell count of non-clock pin loads
*** Columns FF, LUTRAM, RAMB through 'Hard IP' represents load cell counts
**** In Global Id column, sympbol '+' indicates that global clock was used only to route through the clock region.


25. Clock Region Cell Placement per Global Clock: Region X3Y4
-------------------------------------------------------------

+-----------+-------+-----------------+------------+-------------+-----------------+------+-------------+------+------+-----+----+------+-----+---------+--------------------------------------------------------------+
| Global Id | Track | Driver Type/Pin | Constraint | Clock Loads | Non-Clock Loads | FF   | Memory LUTs | RAMB | URAM | DSP | GT | MMCM | PLL | Hard IP | Net                                                          |
+-----------+-------+-----------------+------------+-------------+-----------------+------+-------------+------+------+-----+----+------+-----+---------+--------------------------------------------------------------+
| g0        | 11    | BUFGCE/O        | None       |         953 |               0 |  850 |         102 |    1 |    0 |   0 |  0 |    0 |   0 |       0 | design_1_i/ddr4_0/inst/u_ddr4_infrastructure/u_bufg_divClk_0 |
| g1        | 10    | BUFG_PS/O       | None       |        1355 |               0 | 1275 |          71 |    9 |    0 |   0 |  0 |    0 |   0 |       0 | design_1_i/zynq_ultra_ps_e_0/inst/pl_clk0                    |
| g2        | 22    | BUFGCE/O        | None       |        1984 |               0 | 1934 |          49 |    1 |    0 |   0 |  0 |    0 |   0 |       0 | design_1_i/ddr4_0/inst/u_ddr4_infrastructure/dbg_clk         |
| g4        | 20    | BUFGCE/O        | None       |         310 |               0 |  307 |           3 |    0 |    0 |   0 |  0 |    0 |   0 |       0 | dbg_hub/inst/BSCANID.u_xsdbm_id/itck_i                       |
+-----------+-------+-----------------+------------+-------------+-----------------+------+-------------+------+------+-----+----+------+-----+---------+--------------------------------------------------------------+
* Clock Loads column represents cell count of net connects that connect to a clock pin. Internal cell leaf pins are not considered
** Non-Clock Loads column represents cell count of non-clock pin loads
*** Columns FF, LUTRAM, RAMB through 'Hard IP' represents load cell counts


26. Clock Region Cell Placement per Global Clock: Region X1Y5
-------------------------------------------------------------

+-----------+-------+-----------------+------------+-------------+-----------------+----+-------------+------+------+-----+----+------+-----+---------+------------------------------------------------------+
| Global Id | Track | Driver Type/Pin | Constraint | Clock Loads | Non-Clock Loads | FF | Memory LUTs | RAMB | URAM | DSP | GT | MMCM | PLL | Hard IP | Net                                                  |
+-----------+-------+-----------------+------------+-------------+-----------------+----+-------------+------+------+-----+----+------+-----+---------+------------------------------------------------------+
| g1+       | 10    | BUFG_PS/O       | None       |           0 |               0 |  0 |           0 |    0 |    0 |   0 |  0 |    0 |   0 |       0 | design_1_i/zynq_ultra_ps_e_0/inst/pl_clk0            |
| g2        | 22    | BUFGCE/O        | None       |           9 |               0 |  9 |           0 |    0 |    0 |   0 |  0 |    0 |   0 |       0 | design_1_i/ddr4_0/inst/u_ddr4_infrastructure/dbg_clk |
+-----------+-------+-----------------+------------+-------------+-----------------+----+-------------+------+------+-----+----+------+-----+---------+------------------------------------------------------+
* Clock Loads column represents cell count of net connects that connect to a clock pin. Internal cell leaf pins are not considered
** Non-Clock Loads column represents cell count of non-clock pin loads
*** Columns FF, LUTRAM, RAMB through 'Hard IP' represents load cell counts
**** In Global Id column, sympbol '+' indicates that global clock was used only to route through the clock region.


27. Clock Region Cell Placement per Global Clock: Region X2Y5
-------------------------------------------------------------

+-----------+-------+-----------------+------------+-------------+-----------------+-------+-------------+------+------+-----+----+------+-----+---------+--------------------------------------------------------------+
| Global Id | Track | Driver Type/Pin | Constraint | Clock Loads | Non-Clock Loads | FF    | Memory LUTs | RAMB | URAM | DSP | GT | MMCM | PLL | Hard IP | Net                                                          |
+-----------+-------+-----------------+------------+-------------+-----------------+-------+-------------+------+------+-----+----+------+-----+---------+--------------------------------------------------------------+
| g0        | 11    | BUFGCE/O        | None       |       15610 |               1 | 14266 |        1283 |   21 |    0 |   0 |  0 |    0 |   1 |       0 | design_1_i/ddr4_0/inst/u_ddr4_infrastructure/u_bufg_divClk_0 |
| g1        | 10    | BUFG_PS/O       | None       |         206 |               0 |   200 |           6 |    0 |    0 |   0 |  0 |    0 |   0 |       0 | design_1_i/zynq_ultra_ps_e_0/inst/pl_clk0                    |
| g2        | 22    | BUFGCE/O        | None       |         623 |               0 |   603 |           1 |   19 |    0 |   0 |  0 |    0 |   0 |       0 | design_1_i/ddr4_0/inst/u_ddr4_infrastructure/dbg_clk         |
| g3        | 0     | BUFGCE/O        | None       |         382 |               0 |   367 |           3 |    4 |    0 |   0 |  0 |    0 |   0 |       0 | design_1_i/ddr4_0/inst/u_ddr4_infrastructure/c0_riu_clk      |
| g5        | 1     | BUFGCE/O        | None       |          17 |               0 |    17 |           0 |    0 |    0 |   0 |  0 |    0 |   0 |       0 | design_1_i/util_ds_buf_1/U0/BUFG_O[0]                        |
+-----------+-------+-----------------+------------+-------------+-----------------+-------+-------------+------+------+-----+----+------+-----+---------+--------------------------------------------------------------+
* Clock Loads column represents cell count of net connects that connect to a clock pin. Internal cell leaf pins are not considered
** Non-Clock Loads column represents cell count of non-clock pin loads
*** Columns FF, LUTRAM, RAMB through 'Hard IP' represents load cell counts


28. Clock Region Cell Placement per Global Clock: Region X3Y5
-------------------------------------------------------------

+-----------+-------+-----------------+------------+-------------+-----------------+------+-------------+------+------+-----+----+------+-----+---------+--------------------------------------------------------------+
| Global Id | Track | Driver Type/Pin | Constraint | Clock Loads | Non-Clock Loads | FF   | Memory LUTs | RAMB | URAM | DSP | GT | MMCM | PLL | Hard IP | Net                                                          |
+-----------+-------+-----------------+------------+-------------+-----------------+------+-------------+------+------+-----+----+------+-----+---------+--------------------------------------------------------------+
| g0        | 11    | BUFGCE/O        | None       |        1560 |               0 | 1328 |         229 |    3 |    0 |   0 |  0 |    0 |   0 |       0 | design_1_i/ddr4_0/inst/u_ddr4_infrastructure/u_bufg_divClk_0 |
| g1        | 10    | BUFG_PS/O       | None       |          27 |               0 |   27 |           0 |    0 |    0 |   0 |  0 |    0 |   0 |       0 | design_1_i/zynq_ultra_ps_e_0/inst/pl_clk0                    |
| g2        | 22    | BUFGCE/O        | None       |         333 |               0 |  329 |           1 |    3 |    0 |   0 |  0 |    0 |   0 |       0 | design_1_i/ddr4_0/inst/u_ddr4_infrastructure/dbg_clk         |
+-----------+-------+-----------------+------------+-------------+-----------------+------+-------------+------+------+-----+----+------+-----+---------+--------------------------------------------------------------+
* Clock Loads column represents cell count of net connects that connect to a clock pin. Internal cell leaf pins are not considered
** Non-Clock Loads column represents cell count of non-clock pin loads
*** Columns FF, LUTRAM, RAMB through 'Hard IP' represents load cell counts


29. Clock Region Cell Placement per Global Clock: Region X2Y6
-------------------------------------------------------------

+-----------+-------+-----------------+------------+-------------+-----------------+------+-------------+------+------+-----+----+------+-----+---------+--------------------------------------------------------------+
| Global Id | Track | Driver Type/Pin | Constraint | Clock Loads | Non-Clock Loads | FF   | Memory LUTs | RAMB | URAM | DSP | GT | MMCM | PLL | Hard IP | Net                                                          |
+-----------+-------+-----------------+------------+-------------+-----------------+------+-------------+------+------+-----+----+------+-----+---------+--------------------------------------------------------------+
| g0        | 11    | BUFGCE/O        | None       |        5560 |               1 | 5526 |           4 |    0 |    0 |   0 |  0 |    0 |   1 |       0 | design_1_i/ddr4_0/inst/u_ddr4_infrastructure/u_bufg_divClk_0 |
| g2+       | 22    | BUFGCE/O        | None       |           0 |               0 |    0 |           0 |    0 |    0 |   0 |  0 |    0 |   0 |       0 | design_1_i/ddr4_0/inst/u_ddr4_infrastructure/dbg_clk         |
| g3        | 0     | BUFGCE/O        | None       |        1208 |               0 | 1083 |          95 |   20 |    0 |   3 |  0 |    0 |   0 |       0 | design_1_i/ddr4_0/inst/u_ddr4_infrastructure/c0_riu_clk      |
| g5        | 1     | BUFGCE/O        | None       |           0 |               1 |    0 |           0 |    0 |    0 |   0 |  0 |    1 |   0 |       0 | design_1_i/util_ds_buf_1/U0/BUFG_O[0]                        |
+-----------+-------+-----------------+------------+-------------+-----------------+------+-------------+------+------+-----+----+------+-----+---------+--------------------------------------------------------------+
* Clock Loads column represents cell count of net connects that connect to a clock pin. Internal cell leaf pins are not considered
** Non-Clock Loads column represents cell count of non-clock pin loads
*** Columns FF, LUTRAM, RAMB through 'Hard IP' represents load cell counts
**** In Global Id column, sympbol '+' indicates that global clock was used only to route through the clock region.


30. Clock Region Cell Placement per Global Clock: Region X2Y7
-------------------------------------------------------------

+-----------+-------+-----------------+------------+-------------+-----------------+----+-------------+------+------+-----+----+------+-----+---------+--------------------------------------------------------------+
| Global Id | Track | Driver Type/Pin | Constraint | Clock Loads | Non-Clock Loads | FF | Memory LUTs | RAMB | URAM | DSP | GT | MMCM | PLL | Hard IP | Net                                                          |
+-----------+-------+-----------------+------------+-------------+-----------------+----+-------------+------+------+-----+----+------+-----+---------+--------------------------------------------------------------+
| g0        | 11    | BUFGCE/O        | None       |          82 |               1 | 42 |           0 |    0 |    0 |   0 |  0 |    0 |   1 |       0 | design_1_i/ddr4_0/inst/u_ddr4_infrastructure/u_bufg_divClk_0 |
| g3        | 0     | BUFGCE/O        | None       |          16 |               0 |  8 |           0 |    0 |    0 |   0 |  0 |    0 |   0 |       0 | design_1_i/ddr4_0/inst/u_ddr4_infrastructure/c0_riu_clk      |
+-----------+-------+-----------------+------------+-------------+-----------------+----+-------------+------+------+-----+----+------+-----+---------+--------------------------------------------------------------+
* Clock Loads column represents cell count of net connects that connect to a clock pin. Internal cell leaf pins are not considered
** Non-Clock Loads column represents cell count of non-clock pin loads
*** Columns FF, LUTRAM, RAMB through 'Hard IP' represents load cell counts


31. Clock Region Cell Placement per Global Clock: Region X1Y9
-------------------------------------------------------------

+-----------+-------+-----------------+------------+-------------+-----------------+----+-------------+------+------+-----+----+------+-----+---------+-------------------------------------------+
| Global Id | Track | Driver Type/Pin | Constraint | Clock Loads | Non-Clock Loads | FF | Memory LUTs | RAMB | URAM | DSP | GT | MMCM | PLL | Hard IP | Net                                       |
+-----------+-------+-----------------+------------+-------------+-----------------+----+-------------+------+------+-----+----+------+-----+---------+-------------------------------------------+
| g1+       | 10    | BUFG_PS/O       | None       |           0 |               0 |  0 |           0 |    0 |    0 |   0 |  0 |    0 |   0 |       0 | design_1_i/zynq_ultra_ps_e_0/inst/pl_clk0 |
+-----------+-------+-----------------+------------+-------------+-----------------+----+-------------+------+------+-----+----+------+-----+---------+-------------------------------------------+
* Clock Loads column represents cell count of net connects that connect to a clock pin. Internal cell leaf pins are not considered
** Non-Clock Loads column represents cell count of non-clock pin loads
*** Columns FF, LUTRAM, RAMB through 'Hard IP' represents load cell counts
**** In Global Id column, sympbol '+' indicates that global clock was used only to route through the clock region.


32. Clock Region Cell Placement per Global Clock: Region X2Y9
-------------------------------------------------------------

+-----------+-------+-----------------+------------+-------------+-----------------+----+-------------+------+------+-----+----+------+-----+---------+-------------------------------------------+
| Global Id | Track | Driver Type/Pin | Constraint | Clock Loads | Non-Clock Loads | FF | Memory LUTs | RAMB | URAM | DSP | GT | MMCM | PLL | Hard IP | Net                                       |
+-----------+-------+-----------------+------------+-------------+-----------------+----+-------------+------+------+-----+----+------+-----+---------+-------------------------------------------+
| g1        | 10    | BUFG_PS/O       | None       |           3 |               0 |  3 |           0 |    0 |    0 |   0 |  0 |    0 |   0 |       0 | design_1_i/zynq_ultra_ps_e_0/inst/pl_clk0 |
+-----------+-------+-----------------+------------+-------------+-----------------+----+-------------+------+------+-----+----+------+-----+---------+-------------------------------------------+
* Clock Loads column represents cell count of net connects that connect to a clock pin. Internal cell leaf pins are not considered
** Non-Clock Loads column represents cell count of non-clock pin loads
*** Columns FF, LUTRAM, RAMB through 'Hard IP' represents load cell counts


